Godot Engine v4.7.2.stable.mono.official.ed1daf0bf - https://godotengine.org

DUEL64 PASS: CardMaterialise midpoint
DUEL64 PASS: CardMaterialise cleans up
DUEL64 PASS: CardSelected selects bound card
DUEL64 PASS: CardSelected stop clears selection
DUEL64 PASS: CardSelected cleans up
DUEL64 PASS: SummonFlash builds visible geometry
DUEL64 PASS: SummonFlash cleans up
DUEL64 PASS: AttackTrail builds visible geometry
DUEL64 PASS: AttackTrail travels toward the configured target
DUEL64 PASS: AttackTrail cleans up
DUEL64 PASS: HitPulse builds visible geometry
DUEL64 PASS: HitPulse cleans up
DUEL64 PASS: Dissolve midpoint
DUEL64 PASS: Dissolve cleans up
DUEL64 PASS: sound draw imports with expected duration
DUEL64 PASS: sound summon imports with expected duration
DUEL64 PASS: sound set imports with expected duration
DUEL64 PASS: sound attack imports with expected duration
DUEL64 PASS: sound hit imports with expected duration
DUEL64 PASS: sound activate imports with expected duration
DUEL64 PASS: sound win imports with expected duration
DUEL64 PASS: sound lose imports with expected duration
DUEL64 summary: 0 failures
